IQ-TREE version 3.1.2 for Linux x86 64-bit built May 17 2026
Developed by Bui Quang Minh, Thomas Wong, Nhan Ly-Trong, Huaiyan Ren
Contributed by Lam-Tung Nguyen, Dominik Schrempf, Chris Bielow,
Olga Chernomor, Michael Woodhams, Diep Thi Hoang, Heiko Schmidt

Host:    dummycomputer (AVX2, FMA3, 13 GB RAM)
Command: /home/huyha/Desktop/lob/Thenus_australiensis_sex_marker/.pixi/envs/phylo/bin/iqtree -s ../archive/4phylo/phylogenicTree/4phylo/merged.aln -m Blosum62 -B 1000 -nt AUTO -pre Figures/Fig3/merged_fast
Seed:    337638 (Using SPRNG - Scalable Parallel Random Number Generator)
Time:    Thu Jul 16 12:14:07 2026
Kernel:  AVX+FMA - auto-detect threads (8 CPU cores detected)

Reading alignment file ../archive/4phylo/phylogenicTree/4phylo/merged.aln ... Clustal format detected
Alignment most likely contains protein sequences
Constructing alignment: done in 1.64899 secs using 89.54% CPU
WARNING: 125 sites contain only gaps or ambiguous characters.
Alignment has 40 sequences with 596849 columns, 390896 distinct patterns
180565 parsimony-informative, 217504 singleton sites, 198780 constant sites
                 Gap/Ambiguity  Composition  p-value
Analyzing sequences: done in 0.101244 secs using 480.1% CPU
   1  GCA_006783055.1   84.43%    failed      0.00%
   2  GCF_000764305.2   83.82%    failed      0.00%
   3  GCA_016584305.1   86.49%    failed      0.00%
   4  GCF_017591435.1   84.31%    failed      0.00%
   5  GCF_035594125.1   84.17%    failed      0.00%
   6  GCF_024679095.1   84.14%    failed      0.00%
   7  GCA_033782935.1   82.53%    failed      0.00%
   8  GCA_034508575.1   83.65%    failed      0.00%
   9  GCF_018991925.1   84.53%    failed      0.00%
  10  GCF_040958095.1   84.35%    failed      0.00%
  11  GCF_036320965.1   84.47%    failed      0.00%
  12  T.aus             84.93%    failed      0.00%
  13  GCF_038502225.1   84.70%    failed      0.00%
  14  GCA_037179515.1   86.03%    failed      0.00%
  15  GCF_015104395.2   81.39%    failed      0.00%
  16  GCF_040412425.1   83.82%    failed      0.00%
  17  GCF_036898095.1   84.15%    failed      0.00%
  18  GCF_015228065.2   84.68%    failed      0.00%
  19  GCF_042767895.1   84.89%    failed      0.00%
  20  GCF_018983055.1   84.62%    failed      0.00%
  21  GCF_019202785.1   84.27%    failed      0.00%
  22  GCF_017312705.1   84.26%    failed      0.00%
  23  GCA_964058975.1   85.74%    failed      0.00%
  24  GCF_007210705.1   83.93%    failed      0.00%
  25  GCF_032884065.1   85.52%    failed      0.00%
  26  GCA_013167095.2   85.23%    failed      0.00%
  27  GCF_020631705.1   83.96%    failed      0.00%
  28  GCF_022539665.2   83.30%    failed      0.00%
  29  GCF_021134715.1   83.22%    failed      0.00%
  30  GCF_021234035.1   83.40%    failed      0.00%
  31  GCF_046742065.1   82.22%    failed      0.00%
  32  GCA_013387185.1   91.30%    failed      0.00%
  33  GCA_905338405.1   75.41%    failed      0.00%
  34  GCF_011947565.3   85.74%    failed      0.00%
  35  GCF_019059575.1   84.84%    failed      0.00%
  36  GCA_905338385.1   78.35%    failed      0.00%
  37  GCF_016086655.4   84.36%    failed      0.00%
  38  GCF_000591075.1   85.16%    failed      0.00%
  39  GCA_009176605.1   86.42%    failed      0.00%
  40  GCA_051530015.1   84.42%    failed      0.00%
WARNING: 40 sequences contain more than 50% gaps/ambiguity
****  TOTAL             84.18%  40 sequences failed composition chi2 test (p-value<5%; df=19)
NOTE: minimal branch length is reduced to 0.000000167547 for long alignment
Checking for duplicate sequences: done in 0.29747 secs using 373.2% CPU

Create initial parsimony tree by phylogenetic likelihood library (PLL)... 15.653 seconds
Generating 1000 samples for ultrafast bootstrap (seed: 337638)...

NOTE: 3907 MB RAM (3 GB) is required!
Measuring multi-threading efficiency up to 8 CPU cores
