INFO [2026-06-29 09:35:07] $x
INFO [2026-06-29 09:35:07] gene_lists
INFO [2026-06-29 09:35:07] 
INFO [2026-06-29 09:35:07] $filename
INFO [2026-06-29 09:35:07] NULL
INFO [2026-06-29 09:35:07] 
INFO [2026-06-29 09:35:07] $fill
INFO [2026-06-29 09:35:07] cb_palette
INFO [2026-06-29 09:35:07] 
INFO [2026-06-29 09:35:07] $alpha
INFO [2026-06-29 09:35:07] [1] 0.2
INFO [2026-06-29 09:35:07] 
INFO [2026-06-29 09:35:07] $col
INFO [2026-06-29 09:35:07] [1] "black"
INFO [2026-06-29 09:35:07] 
INFO [2026-06-29 09:35:07] $lwd
INFO [2026-06-29 09:35:07] [1] 2
INFO [2026-06-29 09:35:07] 
INFO [2026-06-29 09:35:07] $cex
INFO [2026-06-29 09:35:07] [1] 2.6
INFO [2026-06-29 09:35:07] 
INFO [2026-06-29 09:35:07] $fontface
INFO [2026-06-29 09:35:07] [1] "bold"
INFO [2026-06-29 09:35:07] 
INFO [2026-06-29 09:35:07] $fontfamily
INFO [2026-06-29 09:35:07] [1] "sans"
INFO [2026-06-29 09:35:07] 
INFO [2026-06-29 09:35:07] $cat.cex
INFO [2026-06-29 09:35:07] [1] 3
INFO [2026-06-29 09:35:07] 
INFO [2026-06-29 09:35:07] $cat.fontface
INFO [2026-06-29 09:35:07] [1] "bold"
INFO [2026-06-29 09:35:07] 
INFO [2026-06-29 09:35:07] $cat.fontfamily
INFO [2026-06-29 09:35:07] [1] "sans"
INFO [2026-06-29 09:35:07] 
INFO [2026-06-29 09:35:07] $cat.pos
INFO [2026-06-29 09:35:07] c(-135, 135, -45, 45)
INFO [2026-06-29 09:35:07] 
INFO [2026-06-29 09:35:07] $cat.dist
INFO [2026-06-29 09:35:07] c(0.22, 0.22, 0.22, 0.22)
INFO [2026-06-29 09:35:07] 
INFO [2026-06-29 09:35:07] $margin
INFO [2026-06-29 09:35:07] [1] 0.25
INFO [2026-06-29 09:35:07] 
