INFO [2026-07-18 17:01:03] $x
INFO [2026-07-18 17:01:03] gene_lists
INFO [2026-07-18 17:01:03] 
INFO [2026-07-18 17:01:03] $filename
INFO [2026-07-18 17:01:03] NULL
INFO [2026-07-18 17:01:03] 
INFO [2026-07-18 17:01:03] $fill
INFO [2026-07-18 17:01:03] cb_palette
INFO [2026-07-18 17:01:03] 
INFO [2026-07-18 17:01:03] $alpha
INFO [2026-07-18 17:01:03] [1] 0.2
INFO [2026-07-18 17:01:03] 
INFO [2026-07-18 17:01:03] $col
INFO [2026-07-18 17:01:03] [1] "black"
INFO [2026-07-18 17:01:03] 
INFO [2026-07-18 17:01:03] $lwd
INFO [2026-07-18 17:01:03] [1] 2
INFO [2026-07-18 17:01:03] 
INFO [2026-07-18 17:01:03] $cex
INFO [2026-07-18 17:01:03] [1] 2.6
INFO [2026-07-18 17:01:03] 
INFO [2026-07-18 17:01:03] $fontface
INFO [2026-07-18 17:01:03] [1] "bold"
INFO [2026-07-18 17:01:03] 
INFO [2026-07-18 17:01:03] $fontfamily
INFO [2026-07-18 17:01:03] [1] "sans"
INFO [2026-07-18 17:01:03] 
INFO [2026-07-18 17:01:03] $cat.cex
INFO [2026-07-18 17:01:03] [1] 3
INFO [2026-07-18 17:01:03] 
INFO [2026-07-18 17:01:03] $cat.fontface
INFO [2026-07-18 17:01:03] [1] "bold"
INFO [2026-07-18 17:01:03] 
INFO [2026-07-18 17:01:03] $cat.fontfamily
INFO [2026-07-18 17:01:03] [1] "sans"
INFO [2026-07-18 17:01:03] 
INFO [2026-07-18 17:01:03] $cat.pos
INFO [2026-07-18 17:01:03] c(-135, 135, -45, 45)
INFO [2026-07-18 17:01:03] 
INFO [2026-07-18 17:01:03] $cat.dist
INFO [2026-07-18 17:01:03] c(0.22, 0.22, 0.22, 0.22)
INFO [2026-07-18 17:01:03] 
INFO [2026-07-18 17:01:03] $margin
INFO [2026-07-18 17:01:03] [1] 0.25
INFO [2026-07-18 17:01:03] 
